
> 30px-website@1.0.0 dev
> vite --host 127.0.0.1 --port 4173


  [32m[1mVITE[22m v5.4.21[39m  [2mready in [0m[1m1196[22m[2m[0m ms[22m

  [32m➜[39m  [1mLocal[22m:   [36mhttp://127.0.0.1:[1m4173[22m/[39m
[2m7:53:22 PM[22m [36m[1m[vite][22m[39m [32mhmr update [39m[2m/src/components/ui/header.tsx, /src/index.css[22m
[2m7:55:28 PM[22m [36m[1m[vite][22m[39m [32mhmr update [39m[2m/src/components/ui/header.tsx, /src/index.css[22m
[2m7:57:00 PM[22m [36m[1m[vite][22m[39m [32mhmr update [39m[2m/src/components/ui/header.tsx, /src/index.css[22m
[2m7:59:53 PM[22m [36m[1m[vite][22m[39m [32mhmr update [39m[2m/src/components/ui/header.tsx, /src/index.css[22m
[2m8:00:41 PM[22m [36m[1m[vite][22m[39m [32mhmr update [39m[2m/src/components/ui/header.tsx, /src/index.css[22m
[2m11:00:49 PM[22m [36m[1m[vite][22m[39m [32mhmr update [39m[2m/src/components/ui/story-modal.tsx, /src/index.css[22m
[2m11:03:32 PM[22m [36m[1m[vite][22m[39m [32mhmr update [39m[2m/src/App.tsx, /src/index.css[22m
[2m11:03:47 PM[22m [36m[1m[vite][22m[39m [32mhmr update [39m[2m/src/components/ui/story-modal.tsx, /src/index.css[22m
[2m11:03:59 PM[22m [36m[1m[vite][22m[39m [32mpage reload [39m[2msrc/components/CaseStudyTemplate.tsx[22m
[2m11:04:12 PM[22m [36m[1m[vite][22m[39m [32mhmr update [39m[2m/src/pages/GigiLaurentProject.tsx, /src/index.css[22m
[2m11:06:54 PM[22m [36m[1m[vite][22m[39m [32mpage reload [39m[2msrc/components/CaseStudyTemplate.tsx[22m
[2m11:07:05 PM[22m [36m[1m[vite][22m[39m [32mhmr update [39m[2m/src/pages/GigiLaurentProject.tsx, /src/index.css[22m
[2m11:07:16 PM[22m [36m[1m[vite][22m[39m [32mhmr update [39m[2m/src/pages/FizzBlissProject.tsx, /src/index.css[22m
[2m11:11:05 PM[22m [36m[1m[vite][22m[39m [32mhmr update [39m[2m/src/components/ui/story-modal.tsx, /src/index.css[22m
[2m11:11:05 PM[22m [36m[1m[vite][22m[39m [32mpage reload [39m[2msrc/components/CaseStudyTemplate.tsx[22m
[2m11:11:05 PM[22m [36m[1m[vite][22m[39m [32mhmr update [39m[2m/src/pages/GigiLaurentProject.tsx, /src/index.css[22m
[2m11:11:05 PM[22m [36m[1m[vite][22m[39m [32mhmr update [39m[2m/src/pages/FizzBlissProject.tsx, /src/index.css[22m
[2m11:43:36 PM[22m [36m[1m[vite][22m[39m [32mhmr update [39m[2m/src/pages/Home.tsx, /src/index.css[22m
[2m11:43:36 PM[22m [36m[1m[vite][22m[39m [32mhmr update [39m[2m/src/sections/LatestWork.tsx, /src/index.css[22m
[2m11:49:01 PM[22m [36m[1m[vite][22m[39m [32mhmr update [39m[2m/src/sections/LatestWork.tsx, /src/index.css[22m
[2m12:01:32 AM[22m [36m[1m[vite][22m[39m [32mhmr update [39m[2m/src/sections/AILab.tsx, /src/index.css[22m
[2m12:02:56 AM[22m [36m[1m[vite][22m[39m [32mhmr update [39m[2m/src/sections/AILab.tsx[22m
[2m12:03:16 AM[22m [36m[1m[vite][22m[39m [32mhmr update [39m[2m/src/index.css[22m
[2m12:04:21 AM[22m [36m[1m[vite][22m[39m [32mhmr update [39m[2m/src/sections/AILab.tsx, /src/index.css[22m
[2m12:08:26 AM[22m [36m[1m[vite][22m[39m [32mhmr update [39m[2m/src/sections/AILab.tsx, /src/index.css[22m
[2m12:10:26 AM[22m [36m[1m[vite][22m[39m [32mhmr update [39m[2m/src/sections/AILab.tsx, /src/index.css[22m
[2m12:10:34 AM[22m [36m[1m[vite][22m[39m [32mhmr update [39m[2m/src/index.css[22m
[2m12:13:39 AM[22m [36m[1m[vite][22m[39m [32mhmr update [39m[2m/src/sections/AILab.tsx, /src/index.css[22m
[2m12:14:02 AM[22m [36m[1m[vite][22m[39m [32mhmr update [39m[2m/src/index.css[22m
[2m12:20:41 AM[22m [36m[1m[vite][22m[39m [32mhmr update [39m[2m/src/sections/AILab.tsx, /src/index.css[22m
[2m12:20:53 AM[22m [36m[1m[vite][22m[39m [32mhmr update [39m[2m/src/index.css[22m
[2m12:21:07 AM[22m [36m[1m[vite][22m[39m [32mhmr update [39m[2m/src/sections/AILab.tsx, /src/index.css[22m
[2m12:25:27 AM[22m [36m[1m[vite][22m[39m [32mhmr update [39m[2m/src/sections/AILab.tsx, /src/index.css[22m
[2m12:25:46 AM[22m [36m[1m[vite][22m[39m [32mhmr update [39m[2m/src/sections/AILab.tsx, /src/index.css[22m
[2m12:25:52 AM[22m [36m[1m[vite][22m[39m [32mhmr update [39m[2m/src/index.css[22m
[2m12:30:27 AM[22m [36m[1m[vite][22m[39m [32mhmr update [39m[2m/src/sections/AILab.tsx, /src/index.css[22m
[2m12:31:45 AM[22m [36m[1m[vite][22m[39m [32mhmr update [39m[2m/src/sections/AILab.tsx, /src/index.css[22m
[2m12:33:14 AM[22m [36m[1m[vite][22m[39m [32mhmr update [39m[2m/src/sections/AILab.tsx, /src/index.css[22m
[2m12:34:15 AM[22m [36m[1m[vite][22m[39m [32mhmr update [39m[2m/src/sections/AILab.tsx, /src/index.css[22m
[2m12:34:23 AM[22m [36m[1m[vite][22m[39m [32mhmr update [39m[2m/src/index.css[22m
[2m12:37:44 AM[22m [36m[1m[vite][22m[39m [32mhmr update [39m[2m/src/sections/AILab.tsx, /src/index.css[22m
[2m12:38:11 AM[22m [36m[1m[vite][22m[39m [32mhmr update [39m[2m/src/sections/AILab.tsx, /src/index.css[22m
[2m12:39:12 AM[22m [36m[1m[vite][22m[39m [32mhmr update [39m[2m/src/sections/AILab.tsx, /src/index.css[22m
[2m12:41:16 AM[22m [36m[1m[vite][22m[39m [32mhmr update [39m[2m/src/index.css[22m
[2m12:44:54 AM[22m [36m[1m[vite][22m[39m [32mhmr update [39m[2m/src/index.css[22m
[2m12:47:57 AM[22m [36m[1m[vite][22m[39m [32mhmr update [39m[2m/src/sections/AILab.tsx, /src/index.css[22m
[2m12:48:09 AM[22m [36m[1m[vite][22m[39m [32mhmr update [39m[2m/src/index.css[22m
[2m12:50:59 AM[22m [36m[1m[vite][22m[39m [32mhmr update [39m[2m/src/index.css[22m
[2m12:54:17 AM[22m [36m[1m[vite][22m[39m [32mhmr update [39m[2m/src/sections/AILab.tsx, /src/index.css[22m
[2m12:54:36 AM[22m [36m[1m[vite][22m[39m [32mhmr update [39m[2m/src/sections/AILab.tsx, /src/index.css[22m
[2m12:56:35 AM[22m [36m[1m[vite][22m[39m [32mhmr update [39m[2m/src/sections/AILab.tsx, /src/index.css[22m
[2m1:00:13 AM[22m [36m[1m[vite][22m[39m [32mhmr update [39m[2m/src/sections/AILab.tsx, /src/index.css[22m
[2m1:00:29 AM[22m [36m[1m[vite][22m[39m [32mhmr update [39m[2m/src/sections/AILab.tsx, /src/index.css[22m
[2m1:00:36 AM[22m [36m[1m[vite][22m[39m [32mhmr update [39m[2m/src/sections/AILab.tsx, /src/index.css[22m
[2m1:00:45 AM[22m [36m[1m[vite][22m[39m [32mhmr update [39m[2m/src/sections/AILab.tsx, /src/index.css[22m
[2m1:00:50 AM[22m [36m[1m[vite][22m[39m [32mhmr update [39m[2m/src/sections/AILab.tsx, /src/index.css[22m
[2m1:00:57 AM[22m [36m[1m[vite][22m[39m [32mhmr update [39m[2m/src/index.css[22m
[2m1:04:28 AM[22m [36m[1m[vite][22m[39m [32mhmr update [39m[2m/src/sections/AILab.tsx, /src/index.css[22m
[2m1:04:35 AM[22m [36m[1m[vite][22m[39m [32mhmr update [39m[2m/src/index.css[22m
[2m1:06:18 AM[22m [36m[1m[vite][22m[39m [32mhmr update [39m[2m/src/sections/AILab.tsx, /src/index.css[22m
[2m1:07:42 AM[22m [36m[1m[vite][22m[39m [32mhmr update [39m[2m/src/sections/AILab.tsx, /src/index.css[22m
[2m1:09:47 AM[22m [36m[1m[vite][22m[39m [32mhmr update [39m[2m/src/components/ui/header.tsx, /src/index.css[22m
[2m1:10:17 AM[22m [36m[1m[vite][22m[39m [32mhmr update [39m[2m/src/sections/LatestWork.tsx, /src/index.css[22m
[2m1:11:58 AM[22m [36m[1m[vite][22m[39m [32mhmr update [39m[2m/src/components/ui/header.tsx, /src/index.css[22m
[2m1:14:04 AM[22m [36m[1m[vite][22m[39m [32mhmr update [39m[2m/src/sections/AILab.tsx, /src/index.css[22m
[2m1:14:17 AM[22m [36m[1m[vite][22m[39m [32mhmr update [39m[2m/src/components/ui/pricing-card.tsx, /src/index.css[22m
[2m1:15:40 AM[22m [36m[1m[vite][22m[39m [32mhmr update [39m[2m/src/components/ui/header.tsx, /src/index.css[22m
[2m1:18:23 AM[22m [36m[1m[vite][22m[39m [32mhmr update [39m[2m/src/sections/AILab.tsx, /src/index.css[22m
[2m1:18:28 AM[22m [36m[1m[vite][22m[39m [32mhmr update [39m[2m/src/components/ui/header.tsx, /src/index.css[22m
[2m1:20:05 AM[22m [36m[1m[vite][22m[39m [32mhmr update [39m[2m/src/components/ui/button.tsx, /src/index.css[22m
[2m1:20:05 AM[22m [36m[1m[vite][22m[39m [32mhmr update [39m[2m/src/index.css[22m
[2m1:20:05 AM[22m [36m[1m[vite][22m[39m [32mhmr update [39m[2m/src/components/ui/shimmer-button.tsx, /src/index.css[22m
[2m1:20:05 AM[22m [36m[1m[vite][22m[39m [33mhmr invalidate [39m[2m/src/components/ui/button.tsx[22m Could not Fast Refresh ("buttonVariants" export is incompatible). Learn more at https://github.com/vitejs/vite-plugin-react/tree/main/packages/plugin-react#consistent-components-exports
[2m1:20:05 AM[22m [36m[1m[vite][22m[39m [32mhmr update [39m[2m/src/index.css, /src/sections/Hero.tsx, /src/sections/PaymentModel.tsx, /src/components/ui/testimonials.tsx, /src/components/ui/pricing-card.tsx, /src/components/ui/carousel.tsx, /src/pages/OrderRequest.tsx, /src/pages/Pricing.tsx[22m
[2m1:22:21 AM[22m [36m[1m[vite][22m[39m [32mhmr update [39m[2m/src/sections/LatestWork.tsx, /src/index.css[22m
[2m1:22:21 AM[22m [36m[1m[vite][22m[39m [32mhmr update [39m[2m/src/sections/AICaseStudies.tsx, /src/index.css[22m
[2m1:22:21 AM[22m [36m[1m[vite][22m[39m [32mhmr update [39m[2m/src/components/ui/pricing-tab.tsx, /src/index.css[22m
[2m1:22:21 AM[22m [36m[1m[vite][22m[39m [32mpage reload [39m[2msrc/sections/OurWork.tsx[22m
[2m1:22:21 AM[22m [36m[1m[vite][22m[39m [32mhmr update [39m[2m/src/components/ui/testimonials.tsx, /src/index.css[22m
[2m1:22:51 AM[22m [36m[1m[vite][22m[39m [32mhmr update [39m[2m/src/sections/OurServices.tsx, /src/index.css[22m
[2m1:22:51 AM[22m [36m[1m[vite][22m[39m [32mhmr update [39m[2m/src/components/ui/header.tsx, /src/index.css[22m
[2m1:22:51 AM[22m [36m[1m[vite][22m[39m [32mhmr update [39m[2m/src/sections/ComparisonTable.tsx, /src/index.css[22m
[2m1:23:50 AM[22m [36m[1m[vite][22m[39m [32mhmr update [39m[2m/src/sections/AILab.tsx, /src/index.css[22m
[2m1:24:03 AM[22m [36m[1m[vite][22m[39m [32mhmr update [39m[2m/src/components/ui/header.tsx, /src/index.css[22m
[2m1:25:26 AM[22m [36m[1m[vite][22m[39m [32mhmr update [39m[2m/src/components/ui/header.tsx, /src/index.css[22m
[2m1:34:14 AM[22m [36m[1m[vite][22m[39m [32mhmr update [39m[2m/src/sections/AILab.tsx, /src/index.css[22m
[2m1:34:14 AM[22m [36m[1m[vite][22m[39m [32mhmr update [39m[2m/src/sections/AICaseStudies.tsx, /src/index.css[22m
[2m1:34:14 AM[22m [36m[1m[vite][22m[39m [32mhmr update [39m[2m/src/components/CaseStudyTemplate.tsx, /src/index.css[22m
[2m1:34:14 AM[22m [36m[1m[vite][22m[39m [32mhmr update [39m[2m/src/sections/ComparisonTable.tsx, /src/index.css[22m
[2m1:34:14 AM[22m [36m[1m[vite][22m[39m [32mpage reload [39m[2msrc/sections/Comparison.tsx[22m
[2m1:34:14 AM[22m [36m[1m[vite][22m[39m [32mpage reload [39m[2msrc/sections/FreePDFDownload.tsx[22m
[2m1:34:14 AM[22m [36m[1m[vite][22m[39m [32mhmr update [39m[2m/src/sections/DetailedComparison.tsx, /src/index.css[22m
[2m1:34:14 AM[22m [36m[1m[vite][22m[39m [32mhmr update [39m[2m/src/sections/LatestWork.tsx, /src/index.css[22m
[2m1:34:14 AM[22m [36m[1m[vite][22m[39m [32mpage reload [39m[2msrc/components/ui/feature-steps.tsx[22m
[2m1:34:14 AM[22m [36m[1m[vite][22m[39m [32mhmr update [39m[2m/src/pages/Pricing.tsx, /src/index.css[22m
[2m1:34:14 AM[22m [36m[1m[vite][22m[39m [32mhmr update [39m[2m/src/pages/FizzBlissProject.tsx, /src/index.css[22m
[2m1:34:14 AM[22m [36m[1m[vite][22m[39m [32mhmr update [39m[2m/src/pages/GigiLaurentProject.tsx, /src/index.css[22m
[2m1:34:14 AM[22m [36m[1m[vite][22m[39m [32mhmr update [39m[2m/src/sections/ProjectProcess.tsx, /src/index.css[22m
[2m1:34:14 AM[22m [36m[1m[vite][22m[39m [32mhmr update [39m[2m/src/sections/PaymentModel.tsx, /src/index.css[22m
[2m1:34:14 AM[22m [36m[1m[vite][22m[39m [32mpage reload [39m[2msrc/sections/Showcase.tsx[22m
[2m1:34:14 AM[22m [36m[1m[vite][22m[39m [32mhmr update [39m[2m/src/components/ui/pricing-card.tsx, /src/index.css[22m
[2m1:35:22 AM[22m [36m[1m[vite][22m[39m [32mhmr update [39m[2m/src/components/ui/header.tsx, /src/index.css[22m
[2m1:38:53 AM[22m [36m[1m[vite][22m[39m [32mhmr update [39m[2m/src/components/CaseStudyTemplate.tsx, /src/index.css[22m
[2m1:45:59 AM[22m [36m[1m[vite][22m[39m [32mhmr update [39m[2m/src/pages/GigiLaurentProject.tsx, /src/index.css[22m
[2m1:53:38 AM[22m [36m[1m[vite][22m[39m [32mhmr update [39m[2m/src/components/CaseStudyTemplate.tsx, /src/index.css[22m
[2m1:55:30 AM[22m [36m[1m[vite][22m[39m [32mhmr update [39m[2m/src/pages/GigiLaurentProject.tsx, /src/index.css[22m
[2m1:55:46 AM[22m [36m[1m[vite][22m[39m [32mhmr update [39m[2m/src/pages/FizzBlissProject.tsx, /src/index.css[22m
[2m1:57:01 AM[22m [36m[1m[vite][22m[39m [32mhmr update [39m[2m/src/App.tsx, /src/index.css[22m
[2m1:59:49 AM[22m [36m[1m[vite][22m[39m [32mhmr update [39m[2m/src/App.tsx, /src/index.css[22m
[2m2:03:19 AM[22m [36m[1m[vite][22m[39m [32mhmr update [39m[2m/src/App.tsx, /src/index.css[22m
[2m2:03:30 AM[22m [36m[1m[vite][22m[39m [32mhmr update [39m[2m/src/App.tsx, /src/index.css[22m
[2m2:08:09 AM[22m [36m[1m[vite][22m[39m [32mhmr update [39m[2m/src/components/CaseStudyTemplate.tsx, /src/index.css[22m
[2m2:08:28 AM[22m [36m[1m[vite][22m[39m [32mhmr update [39m[2m/src/pages/MondlySaasProject.tsx, /src/index.css[22m
[2m2:12:33 AM[22m [36m[1m[vite][22m[39m [32mhmr update [39m[2m/src/pages/LoudMindsPortfolio.tsx, /src/index.css[22m
[2m2:18:50 AM[22m [36m[1m[vite][22m[39m [32mhmr update [39m[2m/src/pages/GhostTongueProject.tsx, /src/index.css[22m
[2m2:24:24 AM[22m [36m[1m[vite][22m[39m [32mhmr update [39m[2m/src/components/ui/testimonials.tsx, /src/index.css[22m
[2m2:27:02 AM[22m [36m[1m[vite][22m[39m [32mhmr update [39m[2m/src/components/ui/testimonials.tsx, /src/index.css[22m
[2m2:28:44 AM[22m [36m[1m[vite][22m[39m [32mhmr update [39m[2m/src/components/ui/testimonials.tsx, /src/index.css[22m
[2m2:28:58 AM[22m [36m[1m[vite][22m[39m [32mhmr update [39m[2m/src/components/ui/testimonials.tsx, /src/index.css[22m
[2m2:30:41 AM[22m [36m[1m[vite][22m[39m [32mhmr update [39m[2m/src/pages/VitaVibeProject.tsx, /src/index.css[22m
[2m2:31:10 AM[22m [36m[1m[vite][22m[39m [32mhmr update [39m[2m/src/pages/VitaVibeProject.tsx, /src/index.css[22m
[2m2:31:37 AM[22m [36m[1m[vite][22m[39m [32mhmr update [39m[2m/src/pages/VitaVibeProject.tsx, /src/index.css[22m
[2m2:32:13 AM[22m [36m[1m[vite][22m[39m [32mhmr update [39m[2m/src/components/ui/testimonials.tsx, /src/index.css[22m
[2m2:39:23 AM[22m [36m[1m[vite][22m[39m [32mhmr update [39m[2m/src/sections/ComparisonTable.tsx, /src/index.css[22m
[2m2:39:36 AM[22m [36m[1m[vite][22m[39m [32mhmr update [39m[2m/src/sections/PaymentModel.tsx, /src/index.css[22m
[2m2:51:13 AM[22m [36m[1m[vite][22m[39m [32mhmr update [39m[2m/src/sections/Hero.tsx, /src/index.css[22m
[2m2:51:17 AM[22m [36m[1m[vite][22m[39m [32mpage reload [39m[2msrc/sections/Showcase.tsx[22m
[2m2:51:21 AM[22m [36m[1m[vite][22m[39m [32mhmr update [39m[2m/src/sections/AICaseStudies.tsx, /src/index.css[22m
[2m2:51:24 AM[22m [36m[1m[vite][22m[39m [32mhmr update [39m[2m/src/sections/ProjectProcess.tsx, /src/index.css[22m
[2m2:51:27 AM[22m [36m[1m[vite][22m[39m [32mhmr update [39m[2m/src/pages/Home.tsx, /src/index.css[22m
[2m2:52:08 AM[22m [36m[1m[vite][22m[39m [32mpage reload [39m[2msrc/sections/FreePDFDownload.tsx[22m
[2m2:53:40 AM[22m [36m[1m[vite][22m[39m [32mhmr update [39m[2m/src/App.tsx, /src/index.css[22m
[2m2:54:15 AM[22m [36m[1m[vite][22m[39m [32mhmr update [39m[2m/src/components/ui/header.tsx, /src/index.css[22m
[2m3:00:32 AM[22m [36m[1m[vite][22m[39m [32mhmr update [39m[2m/src/pages/Services.tsx, /src/index.css[22m
