
> 30px-website@1.0.0 dev
> vite --host 127.0.0.1


  [32m[1mVITE[22m v5.4.21[39m  [2mready in [0m[1m5409[22m[2m[0m ms[22m

  [32m➜[39m  [1mLocal[22m:   [36mhttp://127.0.0.1:[1m5173[22m/[39m
[2m9:07:24 PM[22m [36m[1m[vite][22m[39m [32mhmr update [39m[2m/src/components/ui/header.tsx, /src/index.css[22m
[2m9:13:59 PM[22m [36m[1m[vite][22m[39m [32mhmr update [39m[2m/src/components/ui/hero-vertical-carousel.tsx, /src/index.css[22m
[2m9:16:21 PM[22m [36m[1m[vite][22m[39m [32mhmr update [39m[2m/src/components/ui/hero-vertical-carousel.tsx, /src/index.css[22m
[2m9:18:42 PM[22m [36m[1m[vite][22m[39m [32mhmr update [39m[2m/src/components/ui/hero-vertical-carousel.tsx, /src/index.css[22m
[2m9:20:14 PM[22m [36m[1m[vite][22m[39m [32mhmr update [39m[2m/src/components/ui/hero-vertical-carousel.tsx, /src/index.css[22m
[2m9:21:37 PM[22m [36m[1m[vite][22m[39m [32mhmr update [39m[2m/src/components/ui/hero-vertical-carousel.tsx, /src/index.css[22m
[2m9:23:00 PM[22m [36m[1m[vite][22m[39m [32mhmr update [39m[2m/src/components/ui/hero-vertical-carousel.tsx, /src/index.css[22m
[2m9:25:38 PM[22m [36m[1m[vite][22m[39m [32mhmr update [39m[2m/src/components/ui/hero-vertical-carousel.tsx, /src/index.css[22m
[2m9:26:13 PM[22m [36m[1m[vite][22m[39m [32mhmr update [39m[2m/src/components/ui/hero-vertical-carousel.tsx, /src/index.css[22m
[2m9:35:27 PM[22m [36m[1m[vite][22m[39m [32mhmr update [39m[2m/src/components/ui/header.tsx, /src/index.css[22m
[2m9:35:55 PM[22m [36m[1m[vite][22m[39m [32mhmr update [39m[2m/src/components/ui/header.tsx, /src/index.css[22m
[2m9:40:23 PM[22m [36m[1m[vite][22m[39m [32mhmr update [39m[2m/src/components/CaseStudyTemplate.tsx, /src/index.css[22m
[2m9:40:23 PM[22m [36m[1m[vite][22m[39m [32mhmr update [39m[2m/src/sections/ProjectProcess.tsx, /src/index.css[22m
[2m9:40:23 PM[22m [36m[1m[vite][22m[39m [32mhmr update [39m[2m/src/pages/GigiLaurentProject.tsx, /src/index.css[22m
[2m9:43:14 PM[22m [36m[1m[vite][22m[39m [32mhmr update [39m[2m/src/components/ui/header.tsx, /src/index.css[22m
[2m9:54:42 PM[22m [36m[1m[vite][22m[39m [32mhmr update [39m[2m/src/pages/Work.tsx, /src/index.css[22m
[2m9:54:42 PM[22m [36m[1m[vite][22m[39m [32mhmr update [39m[2m/src/pages/Services.tsx, /src/index.css[22m
[2m9:54:42 PM[22m [36m[1m[vite][22m[39m [32mhmr update [39m[2m/src/sections/OurServices.tsx, /src/index.css[22m
[2m9:54:42 PM[22m [36m[1m[vite][22m[39m [32mhmr update [39m[2m/src/pages/Contact.tsx, /src/index.css[22m
[2m9:55:05 PM[22m [36m[1m[vite][22m[39m [32mhmr update [39m[2m/src/pages/Services.tsx, /src/index.css[22m
[2m10:12:28 PM[22m [36m[1m[vite][22m[39m [32mhmr update [39m[2m/src/pages/Work.tsx, /src/index.css[22m
[2m10:12:28 PM[22m [36m[1m[vite][22m[39m [32mhmr update [39m[2m/src/sections/LatestWork.tsx, /src/index.css[22m
[2m10:12:28 PM[22m [36m[1m[vite][22m[39m [32mhmr update [39m[2m/src/sections/AICaseStudies.tsx, /src/index.css[22m
[2m10:13:08 PM[22m [36m[1m[vite][22m[39m [32mhmr update [39m[2m/src/sections/LatestWork.tsx, /src/index.css[22m
[2m10:13:08 PM[22m [36m[1m[vite][22m[39m [32mhmr update [39m[2m/src/sections/AICaseStudies.tsx, /src/index.css[22m
[2m10:24:16 PM[22m [36m[1m[vite][22m[39m [32mhmr update [39m[2m/src/pages/Work.tsx, /src/index.css[22m
[2m10:24:16 PM[22m [36m[1m[vite][22m[39m [32mhmr update [39m[2m/src/sections/LatestWork.tsx, /src/index.css[22m
[2m10:25:57 PM[22m [36m[1m[vite][22m[39m [32mhmr update [39m[2m/src/pages/Work.tsx, /src/index.css[22m
[2m10:25:57 PM[22m [36m[1m[vite][22m[39m [32mhmr update [39m[2m/src/sections/LatestWork.tsx, /src/index.css[22m
[2m10:32:09 PM[22m [36m[1m[vite][22m[39m [32mhmr update [39m[2m/src/App.tsx, /src/index.css[22m
[2m10:32:09 PM[22m [36m[1m[vite][22m[39m [32mhmr update [39m[2m/src/pages/GhostTongueProject.tsx, /src/index.css[22m
[2m10:32:09 PM[22m [36m[1m[vite][22m[39m [32mhmr update [39m[2m/src/pages/VitaVibeProject.tsx, /src/index.css[22m
[2m10:32:09 PM[22m [36m[1m[vite][22m[39m [32mhmr update [39m[2m/src/pages/LoudMindsPortfolio.tsx, /src/index.css[22m
[2m10:32:09 PM[22m [36m[1m[vite][22m[39m [32mhmr update [39m[2m/src/pages/GigiLaurentProject.tsx, /src/index.css[22m
[2m10:32:09 PM[22m [36m[1m[vite][22m[39m [32mhmr update [39m[2m/src/pages/DesoraPortfolio.tsx[22m
[2m10:32:33 PM[22m [36m[1m[vite][22m[39m [32mhmr update [39m[2m/src/pages/GigiLaurentProject.tsx, /src/index.css[22m
[2m2:17:57 AM[22m [36m[1m[vite][22m[39m [32mhmr update [39m[2m/src/sections/LatestWork.tsx, /src/index.css[22m
[2m2:17:57 AM[22m [36m[1m[vite][22m[39m [33mhmr invalidate [39m[2m/src/sections/LatestWork.tsx[22m Could not Fast Refresh (new export)
[2m2:17:57 AM[22m [36m[1m[vite][22m[39m [32mhmr update [39m[2m/src/index.css, /src/pages/Home.tsx, /src/pages/Work.tsx[22m
[2m2:18:18 AM[22m [36m[1m[vite][22m[39m [32mhmr update [39m[2m/src/pages/Work.tsx, /src/index.css[22m
[2m2:18:26 AM[22m [36m[1m[vite][22m[39m [32mhmr update [39m[2m/src/pages/Work.tsx, /src/index.css[22m
[2m2:18:53 AM[22m [36m[1m[vite][22m[39m [32mhmr update [39m[2m/src/pages/Work.tsx, /src/index.css[22m
[2m2:22:48 AM[22m [36m[1m[vite][22m[39m [32mhmr update [39m[2m/src/sections/LatestWork.tsx, /src/index.css[22m
[2m2:22:48 AM[22m [36m[1m[vite][22m[39m [33mhmr invalidate [39m[2m/src/sections/LatestWork.tsx[22m Could not Fast Refresh ("portfolioProjects" export is incompatible). Learn more at https://github.com/vitejs/vite-plugin-react/tree/main/packages/plugin-react#consistent-components-exports
[2m2:22:48 AM[22m [36m[1m[vite][22m[39m [32mhmr update [39m[2m/src/index.css, /src/pages/Home.tsx, /src/pages/Work.tsx[22m
[2m2:24:05 AM[22m [36m[1m[vite][22m[39m [32mhmr update [39m[2m/src/sections/LatestWork.tsx, /src/index.css[22m
[2m2:24:05 AM[22m [36m[1m[vite][22m[39m [33mhmr invalidate [39m[2m/src/sections/LatestWork.tsx[22m Could not Fast Refresh ("portfolioProjects" export is incompatible). Learn more at https://github.com/vitejs/vite-plugin-react/tree/main/packages/plugin-react#consistent-components-exports
[2m2:24:05 AM[22m [36m[1m[vite][22m[39m [32mhmr update [39m[2m/src/index.css, /src/pages/Home.tsx, /src/pages/Work.tsx[22m
[2m2:26:58 AM[22m [36m[1m[vite][22m[39m [32mhmr update [39m[2m/src/sections/LatestWork.tsx, /src/index.css[22m
[2m2:26:58 AM[22m [36m[1m[vite][22m[39m [33mhmr invalidate [39m[2m/src/sections/LatestWork.tsx[22m Could not Fast Refresh ("portfolioProjects" export is incompatible). Learn more at https://github.com/vitejs/vite-plugin-react/tree/main/packages/plugin-react#consistent-components-exports
[2m2:26:58 AM[22m [36m[1m[vite][22m[39m [32mhmr update [39m[2m/src/index.css, /src/pages/Home.tsx, /src/pages/Work.tsx[22m
[2m2:31:34 AM[22m [36m[1m[vite][22m[39m [32mhmr update [39m[2m/src/sections/LatestWork.tsx, /src/index.css[22m
[2m2:31:34 AM[22m [36m[1m[vite][22m[39m [33mhmr invalidate [39m[2m/src/sections/LatestWork.tsx[22m Could not Fast Refresh ("portfolioProjects" export is incompatible). Learn more at https://github.com/vitejs/vite-plugin-react/tree/main/packages/plugin-react#consistent-components-exports
[2m2:31:34 AM[22m [36m[1m[vite][22m[39m [32mhmr update [39m[2m/src/index.css, /src/pages/Home.tsx, /src/pages/Work.tsx[22m
[2m2:37:19 AM[22m [36m[1m[vite][22m[39m [32mhmr update [39m[2m/src/sections/LatestWork.tsx, /src/index.css[22m
[2m2:37:19 AM[22m [36m[1m[vite][22m[39m [33mhmr invalidate [39m[2m/src/sections/LatestWork.tsx[22m Could not Fast Refresh ("portfolioProjects" export is incompatible). Learn more at https://github.com/vitejs/vite-plugin-react/tree/main/packages/plugin-react#consistent-components-exports
[2m2:37:19 AM[22m [36m[1m[vite][22m[39m [32mhmr update [39m[2m/src/index.css, /src/pages/Home.tsx, /src/pages/Work.tsx[22m
[2m2:37:26 AM[22m [36m[1m[vite][22m[39m [32mhmr update [39m[2m/src/sections/LatestWork.tsx, /src/index.css[22m
[2m2:37:26 AM[22m [36m[1m[vite][22m[39m [33mhmr invalidate [39m[2m/src/sections/LatestWork.tsx[22m Could not Fast Refresh ("portfolioProjects" export is incompatible). Learn more at https://github.com/vitejs/vite-plugin-react/tree/main/packages/plugin-react#consistent-components-exports
[2m2:37:26 AM[22m [36m[1m[vite][22m[39m [32mhmr update [39m[2m/src/index.css, /src/pages/Home.tsx, /src/pages/Work.tsx[22m
[2m2:42:27 AM[22m [36m[1m[vite][22m[39m [32mhmr update [39m[2m/src/index.css[22m
[2m2:43:54 AM[22m [36m[1m[vite][22m[39m [32mhmr update [39m[2m/src/index.css[22m
[2m2:44:00 AM[22m [36m[1m[vite][22m[39m [32mhmr update [39m[2m/src/index.css[22m
[2m2:51:38 AM[22m [36m[1m[vite][22m[39m [32mhmr update [39m[2m/src/index.css[22m
[2m2:58:32 AM[22m [36m[1m[vite][22m[39m [32mhmr update [39m[2m/src/sections/ComparisonTable.tsx, /src/index.css[22m
[2m3:11:36 AM[22m [36m[1m[vite][22m[39m [32mvite.config.ts changed, restarting server...[39m
[2m3:11:36 AM[22m [36m[1m[vite][22m[39m [32mscripts/vite-plugin-auto-webp.mjs changed, restarting server...[39m
[2m3:11:37 AM[22m [36m[1m[vite][22m[39m server restarted.
[2m3:23:05 AM[22m [36m[1m[vite][22m[39m [32mhmr update [39m[2m/src/components/SEO.tsx, /src/index.css[22m
[2m3:23:56 AM[22m [36m[1m[vite][22m[39m [32mpage reload [39m[2mindex.html[22m
[2m3:26:33 AM[22m [36m[1m[vite][22m[39m [32mhmr update [39m[2m/src/index.css, /src/App.tsx[22m
