[31mX [41;31m[[41;97mERROR[41;31m][0m [1mQueue message failed {[0m

    type: 'send-order-confirmation',
    orderId: '76585037-02cb-4ca7-b026-3a86e25fa024'
  } Error: Missing required secret: RESEND_API_KEY
      at ensureConfigured (file:///E:/30PX-Website-Main-Files/30PX/Website/worker/index.ts:967:23)
      at sendOrderConfirmation (file:///E:/30PX-Website-Main-Files/30PX/Website/worker/index.ts:613:5)
      at Object.queue (file:///E:/30PX-Website-Main-Files/30PX/Website/worker/index.ts:155:27)


[31mX [41;31m[[41;97mERROR[41;31m][0m [1mQueue message failed {[0m

    type: 'send-order-confirmation',
    orderId: '76585037-02cb-4ca7-b026-3a86e25fa024'
  } Error: Missing required secret: RESEND_API_KEY
      at ensureConfigured (file:///E:/30PX-Website-Main-Files/30PX/Website/worker/index.ts:967:23)
      at sendOrderConfirmation (file:///E:/30PX-Website-Main-Files/30PX/Website/worker/index.ts:613:5)
      at Object.queue (file:///E:/30PX-Website-Main-Files/30PX/Website/worker/index.ts:155:27)


[31mX [41;31m[[41;97mERROR[41;31m][0m [1mQueue message failed {[0m

    type: 'send-order-confirmation',
    orderId: '76585037-02cb-4ca7-b026-3a86e25fa024'
  } Error: Missing required secret: RESEND_API_KEY
      at ensureConfigured (file:///E:/30PX-Website-Main-Files/30PX/Website/worker/index.ts:967:23)
      at sendOrderConfirmation (file:///E:/30PX-Website-Main-Files/30PX/Website/worker/index.ts:613:5)
      at Object.queue (file:///E:/30PX-Website-Main-Files/30PX/Website/worker/index.ts:155:27)


