
> 30px-website@1.0.0 dev:worker
> wrangler dev --local --port 8787


 ⛅️ wrangler 4.81.1
───────────────────

Cloudflare collects anonymous telemetry about your usage of Wrangler. Learn more at https://github.com/cloudflare/workers-sdk/tree/main/packages/wrangler/telemetry.md
Using secrets defined in .dev.vars
Your Worker has access to the following bindings:
Binding                                                     Resource                  Mode
env.EMAIL_QUEUE (30px-order-events)                         Queue                     local
env.ORDERS_DB (30px-orders)                                 D1 Database               local
env.ORDER_ASSETS (30px-order-assets)                        R2 Bucket                 local
env.APP_BASE_URL ("https://thirtypixels.com")               Environment Variable      local
env.ORDER_SENDER_NAME ("Project")                           Environment Variable      local
env.ORDER_SENDER_EMAIL ("project@thirtypixels.com")         Environment Variable      local
env.ORDER_REPLY_TO ("project@thirtypixels.com")             Environment Variable      local
env.RESEND_API_KEY ("(hidden)")                             Environment Variable      local
env.RESEND_WEBHOOK_SECRET ("(hidden)")                      Environment Variable      local
env.CLIENT_PROFILE_PEPPER ("(hidden)")                      Environment Variable      local
env.ADMIN_API_TOKEN ("(hidden)")                            Environment Variable      local
env.ORDER_WEBHOOK_URL ("(hidden)")                          Environment Variable      local
env.ORDER_WEBHOOK_SECRET ("(hidden)")                       Environment Variable      local

⎔ Starting local server...
[wrangler:info] Ready on http://127.0.0.1:8787
[wrangler:info] GET /api/health 200 OK (11ms)
[wrangler:info] POST /api/uploads 201 Created (656ms)
[wrangler:info] POST /api/client-profiles 201 Created (141ms)
[wrangler:info] POST /api/orders 201 Created (148ms)
[wrangler:info] GET /api/admin/orders 200 OK (92ms)
[wrangler:info] QUEUE 30px-order-events 0/1 (5ms)
[wrangler:info] QUEUE 30px-order-events 0/1 (1ms)
[wrangler:warn] Moving message "52a901cb048bb9645515f50aba405d84" on queue "30px-order-events" to dead letter queue "30px-order-events-dlq" after 3 failed attempts...
[wrangler:info] QUEUE 30px-order-events 0/1 (2ms)
